// Jest Snapshot v1, https://goo.gl/fbAQLP

exports[`Checking Detail Render the Checking Detail 1`] = `
<WithStyles(ForwardRef(Paper))
  className="makeStyles-paper-1"
  elevation={0}
>
  <WithStyles(ForwardRef(Typography))
    variant="h5"
  >
    Checking Account
  </WithStyles(ForwardRef(Typography))>
  <WithStyles(ForwardRef(Divider))
    className="makeStyles-divider-2"
  />
  0
</WithStyles(ForwardRef(Paper))>
`;
